
> disk-dominator@0.1.0 build
> next build

  ▲ Next.js 14.2.29
  - Environments: .env.local

   Creating an optimized production build ...
 ✓ Compiled successfully
   Linting and checking validity of types ...
